exports[`Switcher should render initially 1`] = `
<div
  className="switcher">
  <input
    onChange={[Function]} />
  <button
    onClick={[Function]}>
    Search
  </button>
  <ul />
</div>
`;

exports[`Switcher should render results 1`] = `
<ul>
  <li>
    Halo
  </li>
  <li>
    Zelda
  </li>
</ul>
`;
